$ vitest run

[1m[46m RUN [49m[22m [36mv3.2.4 [39m[90mF:/proje/grenzwanderer/Grenzwanderer[39m

 [31m❯[39m scripts/visual-asset-scaffold.test.ts [2m([22m[2m7 tests[22m[2m | [22m[31m1 failed[39m[2m)[22m[32m 34[2mms[22m[39m
   [32m✓[39m freiburg visual asset scaffold[2m > [22mresolves every Case 01 point to one runtime district and one visual archetype[32m 15[2mms[22m[39m
   [32m✓[39m freiburg visual asset scaffold[2m > [22mpins loc_hbf to rail_hub runtime and industrial_rail visuals[32m 0[2mms[22m[39m
[31m   [31m×[31m freiburg visual asset scaffold[2m > [22mmarks loc_freiburg_estate as estate_noble and assigns a dedicated target basename[39m[32m 8[2mms[22m[39m
[31m     → expected '/images/locations/loc_student_house/l…' to be '/images/locations/loc_student_house.w…' // Object.is equality[39m
   [32m✓[39m freiburg visual asset scaffold[2m > [22mstays deterministic across repeated builds[32m 7[2mms[22m[39m
   [32m✓[39m freiburg visual asset scaffold[2m > [22mkeeps variant identity unique across locationId, variantId, and assetKind[32m 1[2mms[22m[39m
   [32m✓[39m freiburg visual asset scaffold[2m > [22mpreserves runtime compatibility by leaving current map points image-backed[32m 2[2mms[22m[39m
   [32m✓[39m freiburg visual asset scaffold[2m > [22mkeeps the university pilot on one shared visual family and master ref[32m 0[2mms[22m[39m
 [32m✓[39m src/features/character/CharacterPanel.test.tsx [2m([22m[2m8 tests[22m[2m)[22m[33m 658[2mms[22m[39m
   [33m[2m✓[22m[39m CharacterPanel[2m > [22mrenders dossier tabs and nests specialized stats under the right core cards [33m 349[2mms[22m[39m
 [32m✓[39m src/features/vn/ui/VnScreen.test.tsx [2m([22m[2m13 tests[22m[2m)[22m[33m 829[2mms[22m[39m
 [32m✓[39m src/features/map/ui/MapView.test.tsx [2m([22m[2m5 tests[22m[2m)[22m[33m 1814[2mms[22m[39m
   [33m[2m✓[22m[39m MapView[2m > [22mpasses browser coordinates to redeemMapCode when geolocation resolves [33m 300[2mms[22m[39m
   [33m[2m✓[22m[39m MapView[2m > [22mshows location-required, distance, and cooldown QR errors [33m 1108[2mms[22m[39m
 [32m✓[39m src/features/origin/ui/OriginSelectionScreen.test.tsx [2m([22m[2m4 tests[22m[2m)[22m[33m 599[2mms[22m[39m
 [32m✓[39m src/features/map/ui/CaseCard.test.tsx [2m([22m[2m5 tests[22m[2m)[22m[33m 442[2mms[22m[39m
 [31m❯[39m src/app/AppShell.test.tsx [2m([22m[2m6 tests[22m[2m | [22m[31m4 failed[39m[2m)[22m[33m 3231[2mms[22m[39m
[31m   [31m×[31m AppShell URL synchronization[2m > [22mreads initial tab and vnScenario from query[39m[33m 1051[2mms[22m[39m
[31m     → Unable to find an element by: [data-testid="vn-page"]

Ignored nodes: comments, script, style
[36m<body>[31m
  [36m<div>[31m
    [36m<div[31m
      [33mclass[31m=[32m"min-h-dvh w-full"[31m
    [36m>[31m
      [36m<main[31m
        [33mclass[31m=[32m"w-full h-full"[31m
      [36m>[31m
        [36m<div>[31m
          [36m<button[31m
            [33mtype[31m=[32m"button"[31m
          [36m>[31m
            [0mopen-vn[0m
          [36m</button>[31m
          [36m<button[31m
            [33mtype[31m=[32m"button"[31m
          [36m>[31m
            [0mopen-freiburg[0m
          [36m</button>[31m
        [36m</div>[31m
      [36m</main>[31m
      [36m<div>[31m
        [36m<button[31m
          [33mtype[31m=[32m"button"[31m
        [36m>[31m
          [0mtab-[0m
          [0mhome[0m
        [36m</button>[31m
        [36m<button[31m
          [33mtype[31m=[32m"button"[31m
        [36m>[31m
          [0mtab-[0m
          [0mmap[0m
        [36m</button>[31m
        [36m<button[31m
          [33mtype[31m=[32m"button"[31m
        [36m>[31m
          [0mtab-[0m
          [0mcommand[0m
        [36m</button>[31m
        [36m<button[31m
          [33mtype[31m=[32m"button"[31m
        [36m>[31m
          [0mtab-[0m
          [0mbattle[0m
        [36m</button>[31m
        [36m<button[31m
          [33mtype[31m=[32m"button"[31m
        [36m>[31m
          [0mtab-[0m
          [0mcharacter[0m
        [36m</button>[31m
        [36m<button[31m
          [33mtype[31m=[32m"button"[31m
        [36m>[31m
          [0mtab-[0m
          [0mmind_palace[0m
        [36m</button>[31m
      [36m</div>[31m
    [36m</div>[31m
  [36m</div>[31m
[36m</body>[31m

Ignored nodes: comments, script, style
[36m<html>[31m
  [36m<head />[31m
  [36m<body>[31m
    [36m<div>[31m
      [36m<div[31m
        [33mclass[31m=[32m"min-h-dvh w-full"[31m
      [36m>[31m
        [36m<main[31m
          [33mclass[31m=[32m"w-full h-full"[31m
        [36m>[31m
          [36m<div>[31m
            [36m<button[31m
              [33mtype[31m=[32m"button"[31m
            [36m>[31m
              [0mopen-vn[0m
            [36m</button>[31m
            [36m<button[31m
              [33mtype[31m=[32m"button"[31m
            [36m>[31m
              [0mopen-freiburg[0m
            [36m</button>[31m
          [36m</div>[31m
        [36m</main>[31m
        [36m<div>[31m
          [36m<button[31m
            [33mtype[31m=[32m"button"[31m
          [36m>[31m
            [0mtab-[0m
            [0mhome[0m
          [36m</button>[31m
          [36m<button[31m
            [33mtype[31m=[32m"button"[31m
          [36m>[31m
            [0mtab-[0m
            [0mmap[0m
          [36m</button>[31m
          [36m<button[31m
            [33mtype[31m=[32m"button"[31m
          [36m>[31m
            [0mtab-[0m
            [0mcommand[0m
          [36m</button>[31m
          [36m<button[31m
            [33mtype[31m=[32m"button"[31m
          [36m>[31m
            [0mtab-[0m
            [0mbattle[0m
          [36m</button>[31m
          [36m<button[31m
            [33mtype[31m=[32m"button"[31m
          [36m>[31m
            [0mtab-[0m
            [0mcharacter[0m
          [36m</button>[31m
          [36m<button[31m
            [33mtype[31m=[32m"button"[31m
          [36m>[31m
            [0mtab-[0m
            [0mmind_palace[0m
          [36m</button>[31m
        [36m</div>[31m
      [36m</div>[31m
    [36m</div>[31m
  [36m</body>[31m
[36m</html>[31m[39m
[31m   [31m×[31m AppShell URL synchronization[2m > [22mapplies popstate changes for tab and vnScenario[39m[33m 1017[2mms[22m[39m
[31m     → Unable to find an element by: [data-testid="vn-page"]

Ignored nodes: comments, script, style
[36m<body>[31m
  [36m<div>[31m
    [36m<div[31m
      [33mclass[31m=[32m"min-h-dvh w-full"[31m
    [36m>[31m
      [36m<main[31m
        [33mclass[31m=[32m"w-full h-full"[31m
      [36m>[31m
        [36m<div>[31m
          [36m<button[31m
            [33mtype[31m=[32m"button"[31m
          [36m>[31m
            [0mopen-vn[0m
          [36m</button>[31m
          [36m<button[31m
            [33mtype[31m=[32m"button"[31m
          [36m>[31m
            [0mopen-freiburg[0m
          [36m</button>[31m
        [36m</div>[31m
      [36m</main>[31m
      [36m<div>[31m
        [36m<button[31m
          [33mtype[31m=[32m"button"[31m
        [36m>[31m
          [0mtab-[0m
          [0mhome[0m
        [36m</button>[31m
        [36m<button[31m
          [33mtype[31m=[32m"button"[31m
        [36m>[31m
          [0mtab-[0m
          [0mmap[0m
        [36m</button>[31m
        [36m<button[31m
          [33mtype[31m=[32m"button"[31m
        [36m>[31m
          [0mtab-[0m
          [0mcommand[0m
        [36m</button>[31m
        [36m<button[31m
          [33mtype[31m=[32m"button"[31m
        [36m>[31m
          [0mtab-[0m
          [0mbattle[0m
        [36m</button>[31m
        [36m<button[31m
          [33mtype[31m=[32m"button"[31m
        [36m>[31m
          [0mtab-[0m
          [0mcharacter[0m
        [36m</button>[31m
        [36m<button[31m
          [33mtype[31m=[32m"button"[31m
        [36m>[31m
          [0mtab-[0m
          [0mmind_palace[0m
        [36m</button>[31m
      [36m</div>[31m
    [36m</div>[31m
  [36m</div>[31m
[36m</body>[31m

Ignored nodes: comments, script, style
[36m<html>[31m
  [36m<head />[31m
  [36m<body>[31m
    [36m<div>[31m
      [36m<div[31m
        [33mclass[31m=[32m"min-h-dvh w-full"[31m
      [36m>[31m
        [36m<main[31m
          [33mclass[31m=[32m"w-full h-full"[31m
        [36m>[31m
          [36m<div>[31m
            [36m<button[31m
              [33mtype[31m=[32m"button"[31m
            [36m>[31m
              [0mopen-vn[0m
            [36m</button>[31m
            [36m<button[31m
              [33mtype[31m=[32m"button"[31m
            [36m>[31m
              [0mopen-freiburg[0m
            [36m</button>[31m
          [36m</div>[31m
        [36m</main>[31m
        [36m<div>[31m
          [36m<button[31m
            [33mtype[31m=[32m"button"[31m
          [36m>[31m
            [0mtab-[0m
            [0mhome[0m
          [36m</button>[31m
          [36m<button[31m
            [33mtype[31m=[32m"button"[31m
          [36m>[31m
            [0mtab-[0m
            [0mmap[0m
          [36m</button>[31m
          [36m<button[31m
            [33mtype[31m=[32m"button"[31m
          [36m>[31m
            [0mtab-[0m
            [0mcommand[0m
          [36m</button>[31m
          [36m<button[31m
            [33mtype[31m=[32m"button"[31m
          [36m>[31m
            [0mtab-[0m
            [0mbattle[0m
          [36m</button>[31m
          [36m<button[31m
            [33mtype[31m=[32m"button"[31m
          [36m>[31m
            [0mtab-[0m
            [0mcharacter[0m
          [36m</button>[31m
          [36m<button[31m
            [33mtype[31m=[32m"button"[31m
          [36m>[31m
            [0mtab-[0m
            [0mmind_palace[0m
          [36m</button>[31m
        [36m</div>[31m
      [36m</div>[31m
    [36m</div>[31m
  [36m</body>[31m
[36m</html>[31m[39m
[31m   [31m×[31m AppShell URL synchronization[2m > [22mwrites updated tab/scenario into query via replaceState[39m[33m 1101[2mms[22m[39m
[31m     → expected '?tab=home' to contain 'tab=vn'

Ignored nodes: comments, script, style
[36m<html>[31m
  [36m<head />[31m
  [36m<body>[31m
    [36m<div>[31m
      [36m<div[31m
        [33mclass[31m=[32m"min-h-dvh w-full"[31m
      [36m>[31m
        [36m<main[31m
          [33mclass[31m=[32m"w-full h-full"[31m
        [36m>[31m
          [36m<div>[31m
            [36m<button[31m
              [33mtype[31m=[32m"button"[31m
            [36m>[31m
              [0mopen-vn[0m
            [36m</button>[31m
            [36m<button[31m
              [33mtype[31m=[32m"button"[31m
            [36m>[31m
              [0mopen-freiburg[0m
            [36m</button>[31m
          [36m</div>[31m
        [36m</main>[31m
        [36m<div>[31m
          [36m<button[31m
            [33mtype[31m=[32m"button"[31m
          [36m>[31m
            [0mtab-[0m
            [0mhome[0m
          [36m</button>[31m
          [36m<button[31m
            [33mtype[31m=[32m"button"[31m
          [36m>[31m
            [0mtab-[0m
            [0mmap[0m
          [36m</button>[31m
          [36m<button[31m
            [33mtype[31m=[32m"button"[31m
          [36m>[31m
            [0mtab-[0m
            [0mcommand[0m
          [36m</button>[31m
          [36m<button[31m
            [33mtype[31m=[32m"button"[31m
          [36m>[31m
            [0mtab-[0m
            [0mbattle[0m
          [36m</button>[31m
          [36m<button[31m
            [33mtype[31m=[32m"button"[31m
          [36m>[31m
            [0mtab-[0m
            [0mcharacter[0m
          [36m</button>[31m
          [36m<button[31m
            [33mtype[31m=[32m"button"[31m
          [36m>[31m
            [0mtab-[0m
            [0mmind_palace[0m
          [36m</button>[31m
        [36m</div>[31m
      [36m</div>[31m
    [36m</div>[31m
  [36m</body>[31m
[36m</html>[31m[39m
[31m   [31m×[31m AppShell URL synchronization[2m > [22mopens a specific VN scenario from Home callback[39m[32m 27[2mms[22m[39m
[31m     → expected '?tab=home&vnScenario=origin_journalis…' to contain 'tab=vn'[39m
   [32m✓[39m AppShell URL synchronization[2m > [22mswitches into command tab when an active command session appears[32m 14[2mms[22m[39m
   [32m✓[39m AppShell URL synchronization[2m > [22mswitches into battle tab when an active battle session appears[32m 18[2mms[22m[39m
 [32m✓[39m src/pages/HomePage.test.tsx [2m([22m[2m11 tests[22m[2m)[22m[33m 386[2mms[22m[39m
 [32m✓[39m src/features/map/ui/DetectiveHub.test.tsx [2m([22m[2m2 tests[22m[2m)[22m[33m 432[2mms[22m[39m
   [33m[2m✓[22m[39m DetectiveHub[2m > [22mswitches tabs and shows subscribed inventory and partner data [33m 370[2mms[22m[39m
 [32m✓[39m data/viking/default/resources/pages/HomePage.test.tsx [2m([22m[2m11 tests[22m[2m)[22m[33m 404[2mms[22m[39m
 [32m✓[39m src/pages/DevPage.test.tsx [2m([22m[2m3 tests[22m[2m)[22m[33m 339[2mms[22m[39m
 [32m✓[39m data/viking/default/resources/pages/DevPage.test.tsx [2m([22m[2m3 tests[22m[2m)[22m[33m 309[2mms[22m[39m
 [32m✓[39m src/features/vn/ui/vn-ui.test.tsx [2m([22m[2m8 tests[22m[2m)[22m[32m 267[2mms[22m[39m
 [32m✓[39m data/viking/default/resources/app/AppShell.test.tsx [2m([22m[2m6 tests[22m[2m)[22m[32m 227[2mms[22m[39m
 [32m✓[39m src/shared/hooks/useToast.test.tsx [2m([22m[2m2 tests[22m[2m)[22m[32m 218[2mms[22m[39m
 [32m✓[39m data/viking/default/resources/pages/BattlePage.test.tsx [2m([22m[2m4 tests[22m[2m)[22m[32m 205[2mms[22m[39m
 [32m✓[39m src/features/map/ui/DetectiveMapPin.test.tsx [2m([22m[2m4 tests[22m[2m)[22m[32m 234[2mms[22m[39m
 [32m✓[39m src/pages/BattlePage.test.tsx [2m([22m[2m4 tests[22m[2m)[22m[32m 204[2mms[22m[39m
 [32m✓[39m src/features/mindpalace/MindPalacePanel.test.tsx [2m([22m[2m2 tests[22m[2m)[22m[32m 177[2mms[22m[39m
 [32m✓[39m data/viking/default/resources/pages/CommandPage.test.tsx [2m([22m[2m2 tests[22m[2m)[22m[32m 178[2mms[22m[39m
 [32m✓[39m src/pages/CommandPage.test.tsx [2m([22m[2m2 tests[22m[2m)[22m[32m 186[2mms[22m[39m
 [32m✓[39m data/viking/default/resources/pages/AdminPage.test.tsx [2m([22m[2m1 test[22m[2m)[22m[32m 99[2mms[22m[39m
 [32m✓[39m src/pages/AdminPage.test.tsx [2m([22m[2m1 test[22m[2m)[22m[32m 89[2mms[22m[39m
 [32m✓[39m scripts/vn-case01-onboarding.test.ts [2m([22m[2m7 tests[22m[2m)[22m[32m 71[2mms[22m[39m
 [32m✓[39m src/features/vn/hooks/useVnSkillChecks.test.ts [2m([22m[2m11 tests[22m[2m)[22m[32m 79[2mms[22m[39m
 [32m✓[39m scripts/visibility-matrix.test.ts [2m([22m[2m3 tests[22m[2m)[22m[32m 68[2mms[22m[39m
 [32m✓[39m src/features/vn/ui/VnSkillCheckResolveOverlay.test.tsx [2m([22m[2m2 tests[22m[2m)[22m[32m 59[2mms[22m[39m
 [32m✓[39m src/features/vn/hooks/useVnSkillResolveSequence.test.ts [2m([22m[2m6 tests[22m[2m)[22m[32m 47[2mms[22m[39m
 [32m✓[39m scripts/vn-obsidian-parser.test.ts [2m([22m[2m2 tests[22m[2m)[22m[32m 35[2mms[22m[39m
 [32m✓[39m src/features/map/hooks/useMapRuntimeState.test.ts [2m([22m[2m8 tests[22m[2m)[22m[32m 35[2mms[22m[39m
 [32m✓[39m src/features/mindpalace/useMindPalaceReadiness.test.tsx [2m([22m[2m2 tests[22m[2m)[22m[32m 31[2mms[22m[39m
 [32m✓[39m src/features/vn/hooks/useVnSession.test.ts [2m([22m[2m3 tests[22m[2m)[22m[32m 21[2mms[22m[39m
 [32m✓[39m src/shared/hooks/useCurrentSceneTranscript.test.tsx [2m([22m[2m1 test[22m[2m)[22m[32m 23[2mms[22m[39m
 [32m✓[39m data/viking/default/resources/vn_11/vnContent.test.ts [2m([22m[2m30 tests[22m[2m)[22m[32m 19[2mms[22m[39m
[90mstderr[2m | scripts/ai-worker-watch.test.ts[2m > [22m[2mai-worker-watch[2m > [22m[2mretries malformed model JSON while attempts remain
[22m[39m[ai-worker] request 1 failed: bad json

[90mstderr[2m | scripts/ai-worker-watch.test.ts[2m > [22m[2mai-worker-watch[2m > [22m[2mstops retrying after max attempts
[22m[39m[ai-worker] request 1 failed: provider unavailable

 [32m✓[39m scripts/ai-worker-watch.test.ts [2m([22m[2m10 tests[22m[2m)[22m[32m 21[2mms[22m[39m
 [32m✓[39m src/features/vn/hooks/useCurrentNode.test.ts [2m([22m[2m3 tests[22m[2m)[22m[32m 18[2mms[22m[39m
 [32m✓[39m data/viking/default/resources/vn_8/vnContent.test.ts [2m([22m[2m30 tests[22m[2m)[22m[32m 19[2mms[22m[39m
 [32m✓[39m data/viking/default/resources/vn_5/vnContent.test.ts [2m([22m[2m30 tests[22m[2m)[22m[32m 18[2mms[22m[39m
 [32m✓[39m src/entities/player/hooks/usePlayerFlags.test.ts [2m([22m[2m2 tests[22m[2m)[22m[32m 18[2mms[22m[39m
 [32m✓[39m src/shared/hooks/useUiLanguage.test.ts [2m([22m[2m2 tests[22m[2m)[22m[32m 15[2mms[22m[39m
 [32m✓[39m scripts/ai-context-builder.test.ts [2m([22m[2m3 tests[22m[2m)[22m[32m 17[2mms[22m[39m
 [32m✓[39m data/viking/default/resources/vn_2/vnContent.test.ts [2m([22m[2m27 tests[22m[2m)[22m[32m 17[2mms[22m[39m
 [32m✓[39m src/features/vn/vnContent.test.ts [2m([22m[2m27 tests[22m[2m)[22m[32m 16[2mms[22m[39m
 [32m✓[39m src/features/vn/entry/freiburgEntry.test.ts [2m([22m[2m6 tests[22m[2m)[22m[32m 16[2mms[22m[39m
 [32m✓[39m src/features/mysticism/model/mysticism.test.ts [2m([22m[2m4 tests[22m[2m)[22m[32m 15[2mms[22m[39m
 [32m✓[39m data/viking/default/resources/src_1/App.integration.test.tsx [2m([22m[2m11 tests[22m[2m)[22m[32m 12[2mms[22m[39m
 [32m✓[39m data/viking/default/resources/src_3/App.integration.test.tsx [2m([22m[2m11 tests[22m[2m)[22m[32m 12[2mms[22m[39m
 [32m✓[39m src/App.integration.test.tsx [2m([22m[2m11 tests[22m[2m)[22m[32m 12[2mms[22m[39m
 [32m✓[39m data/viking/default/resources/src_2/App.integration.test.tsx [2m([22m[2m11 tests[22m[2m)[22m[32m 11[2mms[22m[39m
 [32m✓[39m data/viking/default/resources/src/App.integration.test.tsx [2m([22m[2m11 tests[22m[2m)[22m[32m 12[2mms[22m[39m
 [32m✓[39m data/viking/default/resources/vn_11/vnConditionAst.test.ts [2m([22m[2m2 tests[22m[2m)[22m[32m 11[2mms[22m[39m
 [32m✓[39m data/viking/default/resources/vn_8/vnConditionAst.test.ts [2m([22m[2m2 tests[22m[2m)[22m[32m 11[2mms[22m[39m
 [32m✓[39m data/viking/default/resources/vn_5/vnConditionAst.test.ts [2m([22m[2m2 tests[22m[2m)[22m[32m 11[2mms[22m[39m
 [32m✓[39m src/features/vn/vnConditionAst.test.ts [2m([22m[2m2 tests[22m[2m)[22m[32m 11[2mms[22m[39m
 [32m✓[39m data/viking/default/resources/vn_2/vnConditionAst.test.ts [2m([22m[2m2 tests[22m[2m)[22m[32m 11[2mms[22m[39m
 [32m✓[39m src/features/mysticism/model/spiritState.test.ts [2m([22m[2m10 tests[22m[2m)[22m[32m 8[2mms[22m[39m
 [32m✓[39m src/features/character/psycheProfile.test.ts [2m([22m[2m5 tests[22m[2m)[22m[32m 7[2mms[22m[39m
 [32m✓[39m src/features/ai/contracts.test.ts [2m([22m[2m6 tests[22m[2m)[22m[32m 6[2mms[22m[39m
 [32m✓[39m scripts/vn-logic-expression.test.ts [2m([22m[2m3 tests[22m[2m)[22m[32m 6[2mms[22m[39m
 [32m✓[39m data/viking/default/resources/vn_5/resolveNarrativeBody.test.ts [2m([22m[2m3 tests[22m[2m)[22m[32m 6[2mms[22m[39m
 [32m✓[39m scripts/acceptance-matrix.test.ts [2m([22m[2m4 tests[22m[2m)[22m[32m 6[2mms[22m[39m
 [32m✓[39m src/shared/game/currentSceneTranscript.test.ts [2m([22m[2m4 tests[22m[2m)[22m[32m 5[2mms[22m[39m
 [32m✓[39m data/viking/default/resources/vn_8/resolveNarrativeBody.test.ts [2m([22m[2m3 tests[22m[2m)[22m[32m 5[2mms[22m[39m
 [32m✓[39m src/features/mindpalace/model/readiness.test.ts [2m([22m[2m5 tests[22m[2m)[22m[32m 6[2mms[22m[39m
 [32m✓[39m scripts/content-manifest.test.ts [2m([22m[2m2 tests[22m[2m)[22m[32m 5[2mms[22m[39m
 [32m✓[39m scripts/content-db-status.test.ts [2m([22m[2m5 tests[22m[2m)[22m[32m 6[2mms[22m[39m
 [32m✓[39m data/viking/default/resources/vn_11/resolveNarrativeBody.test.ts [2m([22m[2m3 tests[22m[2m)[22m[32m 5[2mms[22m[39m
 [32m✓[39m scripts/content-drift-check.test.ts [2m([22m[2m5 tests[22m[2m)[22m[32m 5[2mms[22m[39m
 [32m✓[39m src/features/map/model/mapResolver.test.ts [2m([22m[2m5 tests[22m[2m)[22m[32m 5[2mms[22m[39m
 [32m✓[39m src/shared/game/innerVoiceModel.test.ts [2m([22m[2m4 tests[22m[2m)[22m[32m 5[2mms[22m[39m
 [32m✓[39m data/viking/default/resources/vn_5/completionRoute.test.ts [2m([22m[2m4 tests[22m[2m)[22m[32m 4[2mms[22m[39m
 [32m✓[39m spacetimedb/src/reducers/helpers/skillCheckOutcome.test.ts [2m([22m[2m5 tests[22m[2m)[22m[32m 4[2mms[22m[39m
 [32m✓[39m scripts/content-pre-push.test.ts [2m([22m[2m5 tests[22m[2m)[22m[32m 5[2mms[22m[39m
 [32m✓[39m data/voiceBridge.test.ts [2m([22m[2m3 tests[22m[2m)[22m[32m 4[2mms[22m[39m
 [32m✓[39m src/shared/game/factionContract.test.ts [2m([22m[2m3 tests[22m[2m)[22m[32m 4[2mms[22m[39m
 [32m✓[39m src/features/vn/completionRoute.test.ts [2m([22m[2m4 tests[22m[2m)[22m[32m 4[2mms[22m[39m
 [32m✓[39m data/viking/default/resources/vn_11/completionRoute.test.ts [2m([22m[2m4 tests[22m[2m)[22m[32m 4[2mms[22m[39m
 [32m✓[39m data/viking/default/resources/vn_2/completionRoute.test.ts [2m([22m[2m4 tests[22m[2m)[22m[32m 4[2mms[22m[39m
 [32m✓[39m data/viking/default/resources/vn_8/completionRoute.test.ts [2m([22m[2m4 tests[22m[2m)[22m[32m 4[2mms[22m[39m
 [32m✓[39m data/viking/default/resources/vn_2/checkChance.test.ts [2m([22m[2m5 tests[22m[2m)[22m[32m 4[2mms[22m[39m
 [32m✓[39m scripts/content-vocabulary.test.ts [2m([22m[2m2 tests[22m[2m)[22m[32m 4[2mms[22m[39m
 [32m✓[39m data/viking/default/resources/vn_5/checkChance.test.ts [2m([22m[2m5 tests[22m[2m)[22m[32m 4[2mms[22m[39m
 [32m✓[39m data/viking/default/resources/vn_11/checkChance.test.ts [2m([22m[2m5 tests[22m[2m)[22m[32m 4[2mms[22m[39m
 [32m✓[39m data/viking/default/resources/vn_8/checkChance.test.ts [2m([22m[2m5 tests[22m[2m)[22m[32m 4[2mms[22m[39m
 [32m✓[39m src/features/map/model/derivePointState.test.ts [2m([22m[2m6 tests[22m[2m)[22m[32m 4[2mms[22m[39m
 [32m✓[39m src/features/vn/checkChance.test.ts [2m([22m[2m5 tests[22m[2m)[22m[32m 4[2mms[22m[39m
 [32m✓[39m spacetimedb/src/reducers/aiQueue.test.ts [2m([22m[2m4 tests[22m[2m)[22m[32m 4[2mms[22m[39m
 [32m✓[39m src/features/map/data/scenario-mapping.test.ts [2m([22m[2m2 tests[22m[2m)[22m[32m 3[2mms[22m[39m
 [32m✓[39m src/features/ai/sceneResultEnvelope.test.ts [2m([22m[2m4 tests[22m[2m)[22m[32m 3[2mms[22m[39m
 [32m✓[39m spacetimedb/src/reducers/helpers/factionSignalValidation.test.ts [2m([22m[2m1 test[22m[2m)[22m[32m 2[2mms[22m[39m

[31m⎯⎯⎯⎯⎯⎯⎯[39m[1m[41m Failed Tests 5 [49m[22m[31m⎯⎯⎯⎯⎯⎯⎯[39m

[41m[1m FAIL [22m[49m scripts/visual-asset-scaffold.test.ts[2m > [22mfreiburg visual asset scaffold[2m > [22mmarks loc_freiburg_estate as estate_noble and assigns a dedicated target basename
[31m[1mAssertionError[22m: expected '/images/locations/loc_student_house/l…' to be '/images/locations/loc_student_house.w…' // Object.is equality[39m

Expected: [32m"/images/locations/loc_student_house.webp"[39m
Received: [31m"/images/locations/loc_student_house[7m/loc_student_house[27m.webp"[39m

[36m [2m❯[22m scripts/visual-asset-scaffold.test.ts:[2m48:45[22m[39m
    [90m 46| [39m    [34mexpect[39m(estateDefault[33m?.[39mvisualArchetype)[33m.[39m[34mtoBe[39m([32m"estate_noble"[39m)[33m;[39m
    [90m 47| [39m    expect(estateDefault?.expectedBasename).toBe("loc_freiburg_estate"…
    [90m 48| [39m    [34mexpect[39m(estateDefault[33m?.[39mruntimeImagePath)[33m.[39m[34mtoBe[39m(
    [90m   | [39m                                            [31m^[39m
    [90m 49| [39m      [32m"/images/locations/loc_student_house.webp"[39m[33m,[39m
    [90m 50| [39m    )[33m;[39m

[31m[2m⎯⎯⎯⎯⎯⎯⎯⎯⎯⎯⎯⎯⎯⎯⎯⎯⎯⎯⎯⎯⎯⎯⎯⎯[1/5]⎯[22m[39m

[41m[1m FAIL [22m[49m src/app/AppShell.test.tsx[2m > [22mAppShell URL synchronization[2m > [22mreads initial tab and vnScenario from query
[31m[1mTestingLibraryElementError[22m: Unable to find an element by: [data-testid="vn-page"]

Ignored nodes: comments, script, style
[36m<body>[31m
  [36m<div>[31m
    [36m<div[31m
      [33mclass[31m=[32m"min-h-dvh w-full"[31m
    [36m>[31m
      [36m<main[31m
        [33mclass[31m=[32m"w-full h-full"[31m
      [36m>[31m
        [36m<div>[31m
          [36m<button[31m
            [33mtype[31m=[32m"button"[31m
          [36m>[31m
            [0mopen-vn[0m
          [36m</button>[31m
          [36m<button[31m
            [33mtype[31m=[32m"button"[31m
          [36m>[31m
            [0mopen-freiburg[0m
          [36m</button>[31m
        [36m</div>[31m
      [36m</main>[31m
      [36m<div>[31m
        [36m<button[31m
          [33mtype[31m=[32m"button"[31m
        [36m>[31m
          [0mtab-[0m
          [0mhome[0m
        [36m</button>[31m
        [36m<button[31m
          [33mtype[31m=[32m"button"[31m
        [36m>[31m
          [0mtab-[0m
          [0mmap[0m
        [36m</button>[31m
        [36m<button[31m
          [33mtype[31m=[32m"button"[31m
        [36m>[31m
          [0mtab-[0m
          [0mcommand[0m
        [36m</button>[31m
        [36m<button[31m
          [33mtype[31m=[32m"button"[31m
        [36m>[31m
          [0mtab-[0m
          [0mbattle[0m
        [36m</button>[31m
        [36m<button[31m
          [33mtype[31m=[32m"button"[31m
        [36m>[31m
          [0mtab-[0m
          [0mcharacter[0m
        [36m</button>[31m
        [36m<button[31m
          [33mtype[31m=[32m"button"[31m
        [36m>[31m
          [0mtab-[0m
          [0mmind_palace[0m
        [36m</button>[31m
      [36m</div>[31m
    [36m</div>[31m
  [36m</div>[31m
[36m</body>[31m

Ignored nodes: comments, script, style
[36m<html>[31m
  [36m<head />[31m
  [36m<body>[31m
    [36m<div>[31m
      [36m<div[31m
        [33mclass[31m=[32m"min-h-dvh w-full"[31m
      [36m>[31m
        [36m<main[31m
          [33mclass[31m=[32m"w-full h-full"[31m
        [36m>[31m
          [36m<div>[31m
            [36m<button[31m
              [33mtype[31m=[32m"button"[31m
            [36m>[31m
              [0mopen-vn[0m
            [36m</button>[31m
            [36m<button[31m
              [33mtype[31m=[32m"button"[31m
            [36m>[31m
              [0mopen-freiburg[0m
            [36m</button>[31m
          [36m</div>[31m
        [36m</main>[31m
        [36m<div>[31m
          [36m<button[31m
            [33mtype[31m=[32m"button"[31m
          [36m>[31m
            [0mtab-[0m
            [0mhome[0m
          [36m</button>[31m
          [36m<button[31m
            [33mtype[31m=[32m"button"[31m
          [36m>[31m
            [0mtab-[0m
            [0mmap[0m
          [36m</button>[31m
          [36m<button[31m
            [33mtype[31m=[32m"button"[31m
          [36m>[31m
            [0mtab-[0m
            [0mcommand[0m
          [36m</button>[31m
          [36m<button[31m
            [33mtype[31m=[32m"button"[31m
          [36m>[31m
            [0mtab-[0m
            [0mbattle[0m
          [36m</button>[31m
          [36m<button[31m
            [33mtype[31m=[32m"button"[31m
          [36m>[31m
            [0mtab-[0m
            [0mcharacter[0m
          [36m</button>[31m
          [36m<button[31m
            [33mtype[31m=[32m"button"[31m
          [36m>[31m
            [0mtab-[0m
            [0mmind_palace[0m
          [36m</button>[31m
        [36m</div>[31m
      [36m</div>[31m
    [36m</div>[31m
  [36m</body>[31m
[36m</html>[31m[39m
[90m [2m❯[22m Proxy.waitForWrapper node_modules/@testing-library/dom/dist/wait-for.js:[2m163:27[22m[39m
[36m [2m❯[22m src/app/AppShell.test.tsx:[2m139:11[22m[39m
    [90m137| [39m    [34mrender[39m([33m<[39m[33mAppShell[39m [33m/[39m[33m>[39m)[33m;[39m
    [90m138| [39m
    [90m139| [39m    [35mawait[39m [34mwaitFor[39m(() [33m=>[39m {
    [90m   | [39m          [31m^[39m
    [90m140| [39m      [34mexpect[39m(screen[33m.[39m[34mgetByTestId[39m([32m"vn-page"[39m))[33m.[39m[34mtoHaveTextContent[39m(
    [90m141| [39m        [32m"vn:scenario_alpha"[39m[33m,[39m

[31m[2m⎯⎯⎯⎯⎯⎯⎯⎯⎯⎯⎯⎯⎯⎯⎯⎯⎯⎯⎯⎯⎯⎯⎯⎯[2/5]⎯[22m[39m

[41m[1m FAIL [22m[49m src/app/AppShell.test.tsx[2m > [22mAppShell URL synchronization[2m > [22mapplies popstate changes for tab and vnScenario
[31m[1mTestingLibraryElementError[22m: Unable to find an element by: [data-testid="vn-page"]

Ignored nodes: comments, script, style
[36m<body>[31m
  [36m<div>[31m
    [36m<div[31m
      [33mclass[31m=[32m"min-h-dvh w-full"[31m
    [36m>[31m
      [36m<main[31m
        [33mclass[31m=[32m"w-full h-full"[31m
      [36m>[31m
        [36m<div>[31m
          [36m<button[31m
            [33mtype[31m=[32m"button"[31m
          [36m>[31m
            [0mopen-vn[0m
          [36m</button>[31m
          [36m<button[31m
            [33mtype[31m=[32m"button"[31m
          [36m>[31m
            [0mopen-freiburg[0m
          [36m</button>[31m
        [36m</div>[31m
      [36m</main>[31m
      [36m<div>[31m
        [36m<button[31m
          [33mtype[31m=[32m"button"[31m
        [36m>[31m
          [0mtab-[0m
          [0mhome[0m
        [36m</button>[31m
        [36m<button[31m
          [33mtype[31m=[32m"button"[31m
        [36m>[31m
          [0mtab-[0m
          [0mmap[0m
        [36m</button>[31m
        [36m<button[31m
          [33mtype[31m=[32m"button"[31m
        [36m>[31m
          [0mtab-[0m
          [0mcommand[0m
        [36m</button>[31m
        [36m<button[31m
          [33mtype[31m=[32m"button"[31m
        [36m>[31m
          [0mtab-[0m
          [0mbattle[0m
        [36m</button>[31m
        [36m<button[31m
          [33mtype[31m=[32m"button"[31m
        [36m>[31m
          [0mtab-[0m
          [0mcharacter[0m
        [36m</button>[31m
        [36m<button[31m
          [33mtype[31m=[32m"button"[31m
        [36m>[31m
          [0mtab-[0m
          [0mmind_palace[0m
        [36m</button>[31m
      [36m</div>[31m
    [36m</div>[31m
  [36m</div>[31m
[36m</body>[31m

Ignored nodes: comments, script, style
[36m<html>[31m
  [36m<head />[31m
  [36m<body>[31m
    [36m<div>[31m
      [36m<div[31m
        [33mclass[31m=[32m"min-h-dvh w-full"[31m
      [36m>[31m
        [36m<main[31m
          [33mclass[31m=[32m"w-full h-full"[31m
        [36m>[31m
          [36m<div>[31m
            [36m<button[31m
              [33mtype[31m=[32m"button"[31m
            [36m>[31m
              [0mopen-vn[0m
            [36m</button>[31m
            [36m<button[31m
              [33mtype[31m=[32m"button"[31m
            [36m>[31m
              [0mopen-freiburg[0m
            [36m</button>[31m
          [36m</div>[31m
        [36m</main>[31m
        [36m<div>[31m
          [36m<button[31m
            [33mtype[31m=[32m"button"[31m
          [36m>[31m
            [0mtab-[0m
            [0mhome[0m
          [36m</button>[31m
          [36m<button[31m
            [33mtype[31m=[32m"button"[31m
          [36m>[31m
            [0mtab-[0m
            [0mmap[0m
          [36m</button>[31m
          [36m<button[31m
            [33mtype[31m=[32m"button"[31m
          [36m>[31m
            [0mtab-[0m
            [0mcommand[0m
          [36m</button>[31m
          [36m<button[31m
            [33mtype[31m=[32m"button"[31m
          [36m>[31m
            [0mtab-[0m
            [0mbattle[0m
          [36m</button>[31m
          [36m<button[31m
            [33mtype[31m=[32m"button"[31m
          [36m>[31m
            [0mtab-[0m
            [0mcharacter[0m
          [36m</button>[31m
          [36m<button[31m
            [33mtype[31m=[32m"button"[31m
          [36m>[31m
            [0mtab-[0m
            [0mmind_palace[0m
          [36m</button>[31m
        [36m</div>[31m
      [36m</div>[31m
    [36m</div>[31m
  [36m</body>[31m
[36m</html>[31m[39m
[90m [2m❯[22m Proxy.waitForWrapper node_modules/@testing-library/dom/dist/wait-for.js:[2m163:27[22m[39m
[36m [2m❯[22m src/app/AppShell.test.tsx:[2m158:11[22m[39m
    [90m156| [39m    })[33m;[39m
    [90m157| [39m
    [90m158| [39m    [35mawait[39m [34mwaitFor[39m(() [33m=>[39m {
    [90m   | [39m          [31m^[39m
    [90m159| [39m      [34mexpect[39m(screen[33m.[39m[34mgetByTestId[39m([32m"vn-page"[39m))[33m.[39m[34mtoHaveTextContent[39m(
    [90m160| [39m        [32m"vn:scenario_beta"[39m[33m,[39m

[31m[2m⎯⎯⎯⎯⎯⎯⎯⎯⎯⎯⎯⎯⎯⎯⎯⎯⎯⎯⎯⎯⎯⎯⎯⎯[3/5]⎯[22m[39m

[41m[1m FAIL [22m[49m src/app/AppShell.test.tsx[2m > [22mAppShell URL synchronization[2m > [22mwrites updated tab/scenario into query via replaceState
[31m[1mAssertionError[22m: expected '?tab=home' to contain 'tab=vn'

Ignored nodes: comments, script, style
[36m<html>[31m
  [36m<head />[31m
  [36m<body>[31m
    [36m<div>[31m
      [36m<div[31m
        [33mclass[31m=[32m"min-h-dvh w-full"[31m
      [36m>[31m
        [36m<main[31m
          [33mclass[31m=[32m"w-full h-full"[31m
        [36m>[31m
          [36m<div>[31m
            [36m<button[31m
              [33mtype[31m=[32m"button"[31m
            [36m>[31m
              [0mopen-vn[0m
            [36m</button>[31m
            [36m<button[31m
              [33mtype[31m=[32m"button"[31m
            [36m>[31m
              [0mopen-freiburg[0m
            [36m</button>[31m
          [36m</div>[31m
        [36m</main>[31m
        [36m<div>[31m
          [36m<button[31m
            [33mtype[31m=[32m"button"[31m
          [36m>[31m
            [0mtab-[0m
            [0mhome[0m
          [36m</button>[31m
          [36m<button[31m
            [33mtype[31m=[32m"button"[31m
          [36m>[31m
            [0mtab-[0m
            [0mmap[0m
          [36m</button>[31m
          [36m<button[31m
            [33mtype[31m=[32m"button"[31m
          [36m>[31m
            [0mtab-[0m
            [0mcommand[0m
          [36m</button>[31m
          [36m<button[31m
            [33mtype[31m=[32m"button"[31m
          [36m>[31m
            [0mtab-[0m
            [0mbattle[0m
          [36m</button>[31m
          [36m<button[31m
            [33mtype[31m=[32m"button"[31m
          [36m>[31m
            [0mtab-[0m
            [0mcharacter[0m
          [36m</button>[31m
          [36m<button[31m
            [33mtype[31m=[32m"button"[31m
          [36m>[31m
            [0mtab-[0m
            [0mmind_palace[0m
          [36m</button>[31m
        [36m</div>[31m
      [36m</div>[31m
    [36m</div>[31m
  [36m</body>[31m
[36m</html>[31m[39m

Expected: [32m"tab=[7mvn[27m"[39m
Received: [31m"[7m?[27mtab=[7mhome[27m"[39m

[36m [2m❯[22m src/app/AppShell.test.tsx:[2m172:38[22m[39m
    [90m170| [39m
    [90m171| [39m    [35mawait[39m [34mwaitFor[39m(() [33m=>[39m {
    [90m172| [39m      [34mexpect[39m(window[33m.[39mlocation[33m.[39msearch)[33m.[39m[34mtoContain[39m([32m"tab=vn"[39m)[33m;[39m
    [90m   | [39m                                     [31m^[39m
    [90m173| [39m    })[33m;[39m
    [90m174| [39m  })[33m;[39m
[90m [2m❯[22m runWithExpensiveErrorDiagnosticsDisabled node_modules/@testing-library/dom/dist/config.js:[2m47:12[22m[39m
[90m [2m❯[22m checkCallback node_modules/@testing-library/dom/dist/wait-for.js:[2m124:77[22m[39m
[90m [2m❯[22m Timeout.checkRealTimersCallback node_modules/@testing-library/dom/dist/wait-for.js:[2m118:16[22m[39m

[31m[2m⎯⎯⎯⎯⎯⎯⎯⎯⎯⎯⎯⎯⎯⎯⎯⎯⎯⎯⎯⎯⎯⎯⎯⎯[4/5]⎯[22m[39m

[41m[1m FAIL [22m[49m src/app/AppShell.test.tsx[2m > [22mAppShell URL synchronization[2m > [22mopens a specific VN scenario from Home callback
[31m[1mAssertionError[22m: expected '?tab=home&vnScenario=origin_journalis…' to contain 'tab=vn'[39m

Expected: [32m"tab=[7mvn[27m"[39m
Received: [31m"[7m?[27mtab=[7mhome&vnScenario=origin_journalist_bootstrap[27m"[39m

[36m [2m❯[22m src/app/AppShell.test.tsx:[2m186:36[22m[39m
    [90m184| [39m      )[33m;[39m
    [90m185| [39m    })[33m;[39m
    [90m186| [39m    [34mexpect[39m(window[33m.[39mlocation[33m.[39msearch)[33m.[39m[34mtoContain[39m([32m"tab=vn"[39m)[33m;[39m
    [90m   | [39m                                   [31m^[39m
    [90m187| [39m    [34mexpect[39m(window[33m.[39mlocation[33m.[39msearch)[33m.[39m[34mtoContain[39m(
    [90m188| [39m      [32m"vnScenario=origin_journalist_bootstrap"[39m[33m,[39m

[31m[2m⎯⎯⎯⎯⎯⎯⎯⎯⎯⎯⎯⎯⎯⎯⎯⎯⎯⎯⎯⎯⎯⎯⎯⎯[5/5]⎯[22m[39m


[2m Test Files [22m [1m[31m2 failed[39m[22m[2m | [22m[1m[32m88 passed[39m[22m[90m (90)[39m
[2m      Tests [22m [1m[31m5 failed[39m[22m[2m | [22m[1m[32m540 passed[39m[22m[90m (545)[39m
[2m   Start at [22m 21:16:53
[2m   Duration [22m 30.29s[2m (transform 3.16s, setup 12.06s, collect 17.17s, tests 12.52s, environment 80.23s, prepare 11.41s)[22m

error: script "test" exited with code 1
